

mysql> SHOW TABLES FROM world;
+-----------------+
| Tables_in_world |
+-----------------+
| city            |
| country         |
| countrylanguage |
+-----------------+
3 rows in set (0.01 sec)

mysql> SHOW TABLES FROM sakila;
+----------------------------+
| Tables_in_sakila           |
+----------------------------+
| actor                      |
| actor_info                 |
| address                    |
| category                   |
| city                       |
| country                    |
| customer                   |
| customer_list              |
| film                       |
| film_actor                 |
| film_category              |
| film_list                  |
| film_text                  |
| inventory                  |
| language                   |
| nicer_but_slower_film_list |
| payment                    |
| rental                     |
| sales_by_film_category     |
| sales_by_store             |
| staff                      |
| staff_list                 |
| store                      |
+----------------------------+
23 rows in set (0.01 sec)

mysql> CREATE DATABASE TestDB
    ->
    ->
    ->
    -> ^C
mysql> USE TestDB
ERROR 1049 (42000): Unknown database 'testdb'
mysql> create database testdb
    -> customer
    -> info
    -> potato
    -> ^C
mysql> use testdb
ERROR 1049 (42000): Unknown database 'testdb'
mysql> CREATE TABLE orders (
    ->   order_id INT PRIMARY KEY AUTO_INCREMENT,
    ->   fk_customer_id INT NOT NULL,
    ->   placed DATE NOT NULL,
    ->   FOREIGN KEY (fk_customer_id) REFERENCES customers(customer_id)
    ->   );
ERROR 1824 (HY000): Failed to open the referenced table 'customers'
mysql> CREATE TABLE orders (
    ->   order_id INT PRIMARY KEY AUTO_INCREMENT,
    ->   fk_customer_id INT NOT NULL,
    ->   placed DATE NOT NULL,
    ->   FOREIGN KEY (fk_customer_id) REFERENCES customers(customer_id)
    ->   FOREIGN KEY (fk_customer_id) REFERENCES customers(customer_id)^Z
    -> ^C
mysql> CREATE TABLE orders (
    ->   order_id INT PRIMARY KEY AUTO_INCREMENT,
    ->   fk_customer_id INT NOT NULL,
    ->   placed DATE NOT NULL,
    ->   FOREIGN KEY (fk_customer_id) REFERENCES customers(customer_id)
    ->   FOREIGN KEY (fk_customer_id) REFERENCES customers(customer_id)^C
mysql> CREATE TABLE customers (
    ->   customer_id INT PRIMARY KEY AUTO_INCREMENT,
    ->   name CHAR,
    ->   age TINYINT NOT NULL,
    ->   );
ERROR 1064 (42000): You have an error in your SQL syntax; check the manual that corresponds to your MySQL server version for the right syntax to use near ')' at line 5
mysql> create table customers
    -> customer_id INT PRIMARY KEY AUTO_INCREMENT
    -> name CHAR
    -> agy TINYINT NOT NULL
    -> ;
ERROR 1064 (42000): You have an error in your SQL syntax; check the manual that corresponds to your MySQL server version for the right syntax to use near 'customer_id INT PRIMARY KEY AUTO_INCREMENT
name CHAR
agy TINYINT NOT NULL' at line 2
mysql> create table customers
    -> customer_id INT PRIMARY_KEY AUTO_INCREMENT;
ERROR 1064 (42000): You have an error in your SQL syntax; check the manual that corresponds to your MySQL server version for the right syntax to use near 'customer_id INT PRIMARY_KEY AUTO_INCREMENT' at line 2
mysql> CREATE TABLE customers (
    ->   customer_id INT PRIMARY KEY AUTO_INCREMENT,
    ->   name CHAR NOT NULL,
    ->   age TINYINT NOT NULL,
    ->   );
ERROR 1064 (42000): You have an error in your SQL syntax; check the manual that corresponds to your MySQL server version for the right syntax to use near ')' at line 5
mysql> CREATE TABLE orders (
    ->   order_id INT PRIMARY KEY AUTO_INCREMENT,
    ->   fk_customer_id INT NOT NULL,
    ->   placed DATE NOT NULL,
    ->   );
ERROR 1064 (42000): You have an error in your SQL syntax; check the manual that corresponds to your MySQL server version for the right syntax to use near ')' at line 5
mysql> CREATE TABLE customers
    -> ^C
mysql> CREATE TABLE customers (
    -> customer_id INT PRIMARY KEY AUTO_INCREMENT,
    -> name CHAR NOT NULL,
    -> age TINYINT NOT NULL,
    -> );
ERROR 1064 (42000): You have an error in your SQL syntax; check the manual that corresponds to your MySQL server version for the right syntax to use near ')' at line 5
mysql> CREATE TABLE customers (
    ->   customer_id INT PRIMARY KEY AUTO_INCREMENT,
    -> name CHAR NOT NULL,
    -> ^C
mysql>
mysql>
mysql> CREATE TABLE customers (
    ->        customer_id INT PRIMARY KEY AUTO_INCREMENT,
    ->        name CHAR NOT NULL,
    ->        age TINYINT NOT NULL
    ->        );
Query OK, 0 rows affected (0.06 sec)

mysql> use customers
ERROR 1049 (42000): Unknown database 'customers'
mysql> show tables
    -> ;
+-----------------+
| Tables_in_world |
+-----------------+
| city            |
| country         |
| countrylanguage |
| customers       |
+-----------------+
4 rows in set (0.00 sec)

mysql> drop table customers
    -> ;
Query OK, 0 rows affected (0.03 sec)

mysql> show databases
    -> ;
+--------------------+
| Database           |
+--------------------+
| cody_fritz         |
| information_schema |
| mysql              |
| performance_schema |
| sakila             |
| sys                |
| to_do_list         |
| world              |
+--------------------+
8 rows in set (0.00 sec)

mysql> CREATE DATABASE testenv;
Query OK, 1 row affected (0.01 sec)

mysql> use testenv;
Database changed
mysql> show tables;
Empty set (0.01 sec)

mysql> show databases;
+--------------------+
| Database           |
+--------------------+
| cody_fritz         |
| information_schema |
| mysql              |
| performance_schema |
| sakila             |
| sys                |
| testenv            |
| to_do_list         |
| world              |
+--------------------+
9 rows in set (0.01 sec)

mysql> CREATE TABLE customers (
    ->        customer_id INT PRIMARY KEY AUTO_INCREMENT,
    ->        name CHAR NOT NULL,
    ->        age TINYINT NOT NULL
    ->        );
Query OK, 0 rows affected (0.05 sec)

mysql> show tables;
+-------------------+
| Tables_in_testenv |
+-------------------+
| customers         |
+-------------------+
1 row in set (0.01 sec)

mysql> describe customers
    -> ;
+-------------+---------+------+-----+---------+----------------+
| Field       | Type    | Null | Key | Default | Extra          |
+-------------+---------+------+-----+---------+----------------+
| customer_id | int     | NO   | PRI | NULL    | auto_increment |
| name        | char(1) | NO   |     | NULL    |                |
| age         | tinyint | NO   |     | NULL    |                |
+-------------+---------+------+-----+---------+----------------+
3 rows in set (0.01 sec)

mysql> describe customers;
+-------------+----------+------+-----+---------+----------------+
| Field       | Type     | Null | Key | Default | Extra          |
+-------------+----------+------+-----+---------+----------------+
| customer_id | int      | NO   | PRI | NULL    | auto_increment |
| name        | char(20) | NO   |     | NULL    |                |
| age         | tinyint  | NO   |     | NULL    |                |
+-------------+----------+------+-----+---------+----------------+
3 rows in set (0.00 sec)

mysql> alter table customers
    -> ;
Query OK, 0 rows affected (0.01 sec)

mysql> ALTER TABLE customers
    -> update name varchar(20);
ERROR 1064 (42000): You have an error in your SQL syntax; check the manual that corresponds to your MySQL server version for the right syntax to use near 'update name varchar(20)' at line 2
mysql> describe customers;
+-------------+--------------+------+-----+---------+----------------+
| Field       | Type         | Null | Key | Default | Extra          |
+-------------+--------------+------+-----+---------+----------------+
| customer_id | int          | NO   | PRI | NULL    | auto_increment |
| name        | varchar(255) | NO   |     | NULL    |                |
| age         | tinyint      | NO   |     | NULL    |                |
+-------------+--------------+------+-----+---------+----------------+
3 rows in set (0.01 sec)

mysql> CREATE TABLE orders (
    ->   order_id INT PRIMARY KEY AUTO_INCREMENT,
    ->   fk_customer_id INT NOT NULL,
    ->   placed DATE NOT NULL,
    ->   FOREIGN KEY (fk_customer_id) REFERENCES customers(customer_id)
    ->   );
Query OK, 0 rows affected (0.05 sec)

mysql> show tables;
+-------------------+
| Tables_in_testenv |
+-------------------+
| customers         |
| orders            |
+-------------------+
2 rows in set (0.01 sec)

mysql> describe orders;
+----------------+------+------+-----+---------+----------------+
| Field          | Type | Null | Key | Default | Extra          |
+----------------+------+------+-----+---------+----------------+
| order_id       | int  | NO   | PRI | NULL    | auto_increment |
| fk_customer_id | int  | NO   | MUL | NULL    |                |
| placed         | date | NO   |     | NULL    |                |
+----------------+------+------+-----+---------+----------------+
3 rows in set (0.00 sec)

mysql> CREATE TABLE products (
    ->   product_id INT PRIMARY KEY AUTO_INCREMENT,
    ->   title VARCHAR(60) NOT NULL,
    ->   price DECIMAL(6,2) NOT NULL,
    ->   stock INT NOT NULL
    ->   );
Query OK, 0 rows affected (0.03 sec)

mysql> drop table orders
    -> ;
Query OK, 0 rows affected (0.03 sec)

mysql> show tables;
+-------------------+
| Tables_in_testenv |
+-------------------+
| customers         |
| products          |
+-------------------+
2 rows in set (0.01 sec)

mysql> CREATE TABLE orders (
    ->   order_id INT PRIMARY KEY AUTO_INCREMENT,
    ->   fk_customer_id INT NOT NULL,
    ->   fk_product_id INT NOT NULL,
    ->   placed DATE NOT NULL,
    ->   FOREIGN KEY (fk_customer_id) REFERENCES customers(customer_id),
    ->    FOREIGN KEY (fk_product_id) REFERENCES products(product_id)
    ->   );
Query OK, 0 rows affected (0.04 sec)

mysql> show tables
    -> ;
+-------------------+
| Tables_in_testenv |
+-------------------+
| customers         |
| orders            |
| products          |
+-------------------+
3 rows in set (0.00 sec)

mysql> describe orders;
+----------------+------+------+-----+---------+----------------+
| Field          | Type | Null | Key | Default | Extra          |
+----------------+------+------+-----+---------+----------------+
| order_id       | int  | NO   | PRI | NULL    | auto_increment |
| fk_customer_id | int  | NO   | MUL | NULL    |                |
| fk_product_id  | int  | NO   | MUL | NULL    |                |
| placed         | date | NO   |     | NULL    |                |
+----------------+------+------+-----+---------+----------------+
4 rows in set (0.00 sec)

mysql> describe products
    -> ;
+------------+--------------+------+-----+---------+----------------+
| Field      | Type         | Null | Key | Default | Extra          |
+------------+--------------+------+-----+---------+----------------+
| product_id | int          | NO   | PRI | NULL    | auto_increment |
| title      | varchar(60)  | NO   |     | NULL    |                |
| price      | decimal(6,2) | NO   |     | NULL    |                |
| stock      | int          | NO   |     | NULL    |                |
+------------+--------------+------+-----+---------+----------------+
4 rows in set (0.00 sec)

mysql>