

Query OK, 0 rows affected (0.01 sec)

Query OK, 0 rows affected, 1 warning (0.00 sec)

mysql> SHOW TABLES FROM world;
+-----------------+
| Tables_in_world |
+-----------------+
| city            |
| country         |
| countrylanguage |
+-----------------+
3 rows in set (0.01 sec)

mysql> SHOW TABLES FROM sakila;
+----------------------------+
| Tables_in_sakila           |
+----------------------------+
| actor                      |
| actor_info                 |
| address                    |
| category                   |
| city                       |
| country                    |
| customer                   |
| customer_list              |
| film                       |
| film_actor                 |
| film_category              |
| film_list                  |
| film_text                  |
| inventory                  |
| language                   |
| nicer_but_slower_film_list |
| payment                    |
| rental                     |
| sales_by_film_category     |
| sales_by_store             |
| staff                      |
| staff_list                 |
| store                      |
+----------------------------+
23 rows in set (0.01 sec)

mysql> CREATE DATABASE TestDB
    ->
    ->
    ->
    -> ^C
mysql> USE TestDB
ERROR 1049 (42000): Unknown database 'testdb'
mysql> create database testdb
    -> customer
    -> info
    -> potato
    -> ^C
mysql> use testdb
ERROR 1049 (42000): Unknown database 'testdb'
mysql> CREATE TABLE orders (
    ->   order_id INT PRIMARY KEY AUTO_INCREMENT,
    ->   fk_customer_id INT NOT NULL,
    ->   placed DATE NOT NULL,
    ->   FOREIGN KEY (fk_customer_id) REFERENCES customers(customer_id)
    ->   );
ERROR 1824 (HY000): Failed to open the referenced table 'customers'
mysql> CREATE TABLE orders (
    ->   order_id INT PRIMARY KEY AUTO_INCREMENT,
    ->   fk_customer_id INT NOT NULL,
    ->   placed DATE NOT NULL,
    ->   FOREIGN KEY (fk_customer_id) REFERENCES customers(customer_id)
    ->   FOREIGN KEY (fk_customer_id) REFERENCES customers(customer_id)^Z
    -> ^C
mysql> CREATE TABLE orders (
    ->   order_id INT PRIMARY KEY AUTO_INCREMENT,
    ->   fk_customer_id INT NOT NULL,
    ->   placed DATE NOT NULL,
    ->   FOREIGN KEY (fk_customer_id) REFERENCES customers(customer_id)
    ->   FOREIGN KEY (fk_customer_id) REFERENCES customers(customer_id)^C
mysql> CREATE TABLE customers (
    ->   customer_id INT PRIMARY KEY AUTO_INCREMENT,
    ->   name CHAR,
    ->   age TINYINT NOT NULL,
    ->   );
ERROR 1064 (42000): You have an error in your SQL syntax; check the manual that corresponds to your MySQL server version for the right syntax to use near ')' at line 5
mysql> create table customers
    -> customer_id INT PRIMARY KEY AUTO_INCREMENT
    -> name CHAR
    -> agy TINYINT NOT NULL
    -> ;
ERROR 1064 (42000): You have an error in your SQL syntax; check the manual that corresponds to your MySQL server version for the right syntax to use near 'customer_id INT PRIMARY KEY AUTO_INCREMENT
name CHAR
agy TINYINT NOT NULL' at line 2
mysql> create table customers
    -> customer_id INT PRIMARY_KEY AUTO_INCREMENT;
ERROR 1064 (42000): You have an error in your SQL syntax; check the manual that corresponds to your MySQL server version for the right syntax to use near 'customer_id INT PRIMARY_KEY AUTO_INCREMENT' at line 2
mysql> CREATE TABLE customers (
    ->   customer_id INT PRIMARY KEY AUTO_INCREMENT,
    ->   name CHAR NOT NULL,
    ->   age TINYINT NOT NULL,
    ->   );
ERROR 1064 (42000): You have an error in your SQL syntax; check the manual that corresponds to your MySQL server version for the right syntax to use near ')' at line 5
mysql> CREATE TABLE orders (
    ->   order_id INT PRIMARY KEY AUTO_INCREMENT,
    ->   fk_customer_id INT NOT NULL,
    ->   placed DATE NOT NULL,
    ->   );
ERROR 1064 (42000): You have an error in your SQL syntax; check the manual that corresponds to your MySQL server version for the right syntax to use near ')' at line 5
mysql> CREATE TABLE customers
    -> ^C
mysql> CREATE TABLE customers (
    -> customer_id INT PRIMARY KEY AUTO_INCREMENT,
    -> name CHAR NOT NULL,
    -> age TINYINT NOT NULL,
    -> );
ERROR 1064 (42000): You have an error in your SQL syntax; check the manual that corresponds to your MySQL server version for the right syntax to use near ')' at line 5
mysql> CREATE TABLE customers (
    ->   customer_id INT PRIMARY KEY AUTO_INCREMENT,
    -> name CHAR NOT NULL,
    -> ^C
mysql>
mysql>
mysql> CREATE TABLE customers (
    ->        customer_id INT PRIMARY KEY AUTO_INCREMENT,
    ->        name CHAR NOT NULL,
    ->        age TINYINT NOT NULL
    ->        );
Query OK, 0 rows affected (0.06 sec)

mysql> use customers
ERROR 1049 (42000): Unknown database 'customers'
mysql> show tables
    -> ;
+-----------------+
| Tables_in_world |
+-----------------+
| city            |
| country         |
| countrylanguage |
| customers       |
+-----------------+
4 rows in set (0.00 sec)

mysql> drop table customers
    -> ;
Query OK, 0 rows affected (0.03 sec)

mysql> show databases
    -> ;
+--------------------+
| Database           |
+--------------------+
| cody_fritz         |
| information_schema |
| mysql              |
| performance_schema |
| sakila             |
| sys                |
| to_do_list         |
| world              |
+--------------------+
8 rows in set (0.00 sec)

mysql> CREATE DATABASE testenv;
Query OK, 1 row affected (0.01 sec)

mysql> use testenv;
Database changed
mysql> show tables;
Empty set (0.01 sec)

mysql> show databases;
+--------------------+
| Database           |
+--------------------+
| cody_fritz         |
| information_schema |
| mysql              |
| performance_schema |
| sakila             |
| sys                |
| testenv            |
| to_do_list         |
| world              |
+--------------------+
9 rows in set (0.01 sec)

mysql> CREATE TABLE customers (
    ->        customer_id INT PRIMARY KEY AUTO_INCREMENT,
    ->        name CHAR NOT NULL,
    ->        age TINYINT NOT NULL
    ->        );
Query OK, 0 rows affected (0.05 sec)

mysql> show tables;
+-------------------+
| Tables_in_testenv |
+-------------------+
| customers         |
+-------------------+
1 row in set (0.01 sec)

mysql> describe customers
    -> ;
+-------------+---------+------+-----+---------+----------------+
| Field       | Type    | Null | Key | Default | Extra          |
+-------------+---------+------+-----+---------+----------------+
| customer_id | int     | NO   | PRI | NULL    | auto_increment |
| name        | char(1) | NO   |     | NULL    |                |
| age         | tinyint | NO   |     | NULL    |                |
+-------------+---------+------+-----+---------+----------------+
3 rows in set (0.01 sec)

mysql> describe customers;
+-------------+----------+------+-----+---------+----------------+
| Field       | Type     | Null | Key | Default | Extra          |
+-------------+----------+------+-----+---------+----------------+
| customer_id | int      | NO   | PRI | NULL    | auto_increment |
| name        | char(20) | NO   |     | NULL    |                |
| age         | tinyint  | NO   |     | NULL    |                |
+-------------+----------+------+-----+---------+----------------+
3 rows in set (0.00 sec)

mysql> alter table customers
    -> ;
Query OK, 0 rows affected (0.01 sec)

mysql> ALTER TABLE customers
    -> update name varchar(20);
ERROR 1064 (42000): You have an error in your SQL syntax; check the manual that corresponds to your MySQL server version for the right syntax to use near 'update name varchar(20)' at line 2
mysql> describe customers;
+-------------+--------------+------+-----+---------+----------------+
| Field       | Type         | Null | Key | Default | Extra          |
+-------------+--------------+------+-----+---------+----------------+
| customer_id | int          | NO   | PRI | NULL    | auto_increment |
| name        | varchar(255) | NO   |     | NULL    |                |
| age         | tinyint      | NO   |     | NULL    |                |
+-------------+--------------+------+-----+---------+----------------+
3 rows in set (0.01 sec)

mysql> CREATE TABLE orders (
    ->   order_id INT PRIMARY KEY AUTO_INCREMENT,
    ->   fk_customer_id INT NOT NULL,
    ->   placed DATE NOT NULL,
    ->   FOREIGN KEY (fk_customer_id) REFERENCES customers(customer_id)
    ->   );
Query OK, 0 rows affected (0.05 sec)

mysql> show tables;
+-------------------+
| Tables_in_testenv |
+-------------------+
| customers         |
| orders            |
+-------------------+
2 rows in set (0.01 sec)

mysql> describe orders;
+----------------+------+------+-----+---------+----------------+
| Field          | Type | Null | Key | Default | Extra          |
+----------------+------+------+-----+---------+----------------+
| order_id       | int  | NO   | PRI | NULL    | auto_increment |
| fk_customer_id | int  | NO   | MUL | NULL    |                |
| placed         | date | NO   |     | NULL    |                |
+----------------+------+------+-----+---------+----------------+
3 rows in set (0.00 sec)

mysql> CREATE TABLE products (
    ->   product_id INT PRIMARY KEY AUTO_INCREMENT,
    ->   title VARCHAR(60) NOT NULL,
    ->   price DECIMAL(6,2) NOT NULL,
    ->   stock INT NOT NULL
    ->   );
Query OK, 0 rows affected (0.03 sec)

mysql> drop table orders
    -> ;
Query OK, 0 rows affected (0.03 sec)

mysql> show tables;
+-------------------+
| Tables_in_testenv |
+-------------------+
| customers         |
| products          |
+-------------------+
2 rows in set (0.01 sec)

mysql> CREATE TABLE orders (
    ->   order_id INT PRIMARY KEY AUTO_INCREMENT,
    ->   fk_customer_id INT NOT NULL,
    ->   fk_product_id INT NOT NULL,
    ->   placed DATE NOT NULL,
    ->   FOREIGN KEY (fk_customer_id) REFERENCES customers(customer_id),
    ->    FOREIGN KEY (fk_product_id) REFERENCES products(product_id)
    ->   );
Query OK, 0 rows affected (0.04 sec)

mysql> show tables
    -> ;
+-------------------+
| Tables_in_testenv |
+-------------------+
| customers         |
| orders            |
| products          |
+-------------------+
3 rows in set (0.00 sec)

mysql> describe orders;
+----------------+------+------+-----+---------+----------------+
| Field          | Type | Null | Key | Default | Extra          |
+----------------+------+------+-----+---------+----------------+
| order_id       | int  | NO   | PRI | NULL    | auto_increment |
| fk_customer_id | int  | NO   | MUL | NULL    |                |
| fk_product_id  | int  | NO   | MUL | NULL    |                |
| placed         | date | NO   |     | NULL    |                |
+----------------+------+------+-----+---------+----------------+
4 rows in set (0.00 sec)

mysql> describe products
    -> ;
+------------+--------------+------+-----+---------+----------------+
| Field      | Type         | Null | Key | Default | Extra          |
+------------+--------------+------+-----+---------+----------------+
| product_id | int          | NO   | PRI | NULL    | auto_increment |
| title      | varchar(60)  | NO   |     | NULL    |                |
| price      | decimal(6,2) | NO   |     | NULL    |                |
| stock      | int          | NO   |     | NULL    |                |
+------------+--------------+------+-----+---------+----------------+
4 rows in set (0.00 sec)

mysql> create table TestB (
    -> test_id INT PRIMARY KEY NOT NULL AUTO_INCREMENT
    -> );
ERROR 2013 (HY000): Lost connection to MySQL server during query
No connection. Trying to reconnect...
Connection id:    14
Current database: testenv

Query OK, 0 rows affected (0.06 sec)

mysql> create table TestB (
    -> test_id INT PRIMARY KEY NOT NULL AUTO_INCREMENT
    -> );
ERROR 1050 (42S01): Table 'testb' already exists
mysql> show tables
    -> ;
+-------------------+
| Tables_in_testenv |
+-------------------+
| customers         |
| orders            |
| products          |
| testb             |
+-------------------+
4 rows in set (0.01 sec)

mysql> describe testdb;
ERROR 1146 (42S02): Table 'testenv.testdb' doesn't exist
mysql> describe testb;
+---------+------+------+-----+---------+----------------+
| Field   | Type | Null | Key | Default | Extra          |
+---------+------+------+-----+---------+----------------+
| test_id | int  | NO   | PRI | NULL    | auto_increment |
+---------+------+------+-----+---------+----------------+
1 row in set (0.01 sec)

mysql> alter testdb (
    -> add date DATE NOT NULL INT
    -> );
ERROR 1064 (42000): You have an error in your SQL syntax; check the manual that corresponds to your MySQL server version for the right syntax to use near 'testdb (
add date DATE NOT NULL INT
)' at line 1
mysql> alter table testb
    -> add date NOT NULL INT;
ERROR 1064 (42000): You have an error in your SQL syntax; check the manual that corresponds to your MySQL server version for the right syntax to use near 'NOT NULL INT' at line 2
mysql> alter table testb
    -> ;
Query OK, 0 rows affected (0.01 sec)

mysql> alter table testb
    -> add column_name data_type;
ERROR 1064 (42000): You have an error in your SQL syntax; check the manual that corresponds to your MySQL server version for the right syntax to use near 'data_type' at line 2
mysql> REEE
    -> ^C
mysql>
mysql>
mysql> alter table testb (
    -> add date DATE
    -> );
ERROR 1064 (42000): You have an error in your SQL syntax; check the manual that corresponds to your MySQL server version for the right syntax to use near '(
add date DATE
)' at line 1
mysql> decribe testb
    -> ;
ERROR 1064 (42000): You have an error in your SQL syntax; check the manual that corresponds to your MySQL server version for the right syntax to use near 'decribe testb' at line 1
mysql> describe table testb;
+----+-------------+-------+------------+-------+---------------+---------+---------+------+------+----------+-------------+
| id | select_type | table | partitions | type  | possible_keys | key     | key_len | ref  | rows | filtered | Extra       |
+----+-------------+-------+------------+-------+---------------+---------+---------+------+------+----------+-------------+
|  1 | SIMPLE      | testb | NULL       | index | NULL          | PRIMARY | 4       | NULL |    1 |   100.00 | Using index |
+----+-------------+-------+------------+-------+---------------+---------+---------+------+------+----------+-------------+
1 row in set, 1 warning (0.00 sec)

mysql> describe table;
ERROR 1064 (42000): You have an error in your SQL syntax; check the manual that corresponds to your MySQL server version for the right syntax to use near '' at line 1
mysql> describe table customers;
+----+-------------+-----------+------------+------+---------------+------+---------+------+------+----------+-------+
| id | select_type | table     | partitions | type | possible_keys | key  | key_len | ref  | rows | filtered | Extra |
+----+-------------+-----------+------------+------+---------------+------+---------+------+------+----------+-------+
|  1 | SIMPLE      | customers | NULL       | ALL  | NULL          | NULL | NULL    | NULL |    1 |   100.00 | NULL  |
+----+-------------+-----------+------------+------+---------------+------+---------+------+------+----------+-------+
1 row in set, 1 warning (0.01 sec)

mysql> describe customers;
+-------------+--------------+------+-----+---------+----------------+
| Field       | Type         | Null | Key | Default | Extra          |
+-------------+--------------+------+-----+---------+----------------+
| customer_id | int          | NO   | PRI | NULL    | auto_increment |
| name        | varchar(255) | NO   |     | NULL    |                |
| age         | tinyint      | NO   |     | NULL    |                |
+-------------+--------------+------+-----+---------+----------------+
3 rows in set (0.01 sec)

mysql> describe testb;
+---------+------+------+-----+---------+----------------+
| Field   | Type | Null | Key | Default | Extra          |
+---------+------+------+-----+---------+----------------+
| test_id | int  | NO   | PRI | NULL    | auto_increment |
+---------+------+------+-----+---------+----------------+
1 row in set (0.00 sec)

mysql> drop testb;
ERROR 1064 (42000): You have an error in your SQL syntax; check the manual that corresponds to your MySQL server version for the right syntax to use near 'testb' at line 1
mysql> alter table testb
    -> add column date DATE;
Query OK, 0 rows affected (0.03 sec)
Records: 0  Duplicates: 0  Warnings: 0

mysql> describe testb
    -> ;
+---------+------+------+-----+---------+----------------+
| Field   | Type | Null | Key | Default | Extra          |
+---------+------+------+-----+---------+----------------+
| test_id | int  | NO   | PRI | NULL    | auto_increment |
| date    | date | YES  |     | NULL    |                |
+---------+------+------+-----+---------+----------------+
2 rows in set (0.02 sec)

mysql> ^C
mysql> show tables
    -> ;
+-------------------+
| Tables_in_testenv |
+-------------------+
| customers         |
| orders            |
| products          |
| testb             |
+-------------------+
4 rows in set (0.01 sec)

mysql> drop testb;
ERROR 1064 (42000): You have an error in your SQL syntax; check the manual that corresponds to your MySQL server version for the right syntax to use near 'testb' at line 1
mysql> drop table testb;
Query OK, 0 rows affected (0.04 sec)

mysql> show tables;
+-------------------+
| Tables_in_testenv |
+-------------------+
| customers         |
| orders            |
| products          |
+-------------------+
3 rows in set (0.00 sec)

mysql> describe customers;
+-------------+--------------+------+-----+---------+----------------+
| Field       | Type         | Null | Key | Default | Extra          |
+-------------+--------------+------+-----+---------+----------------+
| customer_id | int          | NO   | PRI | NULL    | auto_increment |
| name        | varchar(255) | NO   |     | NULL    |                |
| age         | tinyint      | NO   |     | NULL    |                |
+-------------+--------------+------+-----+---------+----------------+
3 rows in set (0.01 sec)

mysql> describe orders;
+----------------+------+------+-----+---------+----------------+
| Field          | Type | Null | Key | Default | Extra          |
+----------------+------+------+-----+---------+----------------+
| order_id       | int  | NO   | PRI | NULL    | auto_increment |
| fk_customer_id | int  | NO   | MUL | NULL    |                |
| fk_product_id  | int  | NO   | MUL | NULL    |                |
| placed         | date | NO   |     | NULL    |                |
+----------------+------+------+-----+---------+----------------+
4 rows in set (0.00 sec)

mysql> describe products;
+------------+--------------+------+-----+---------+----------------+
| Field      | Type         | Null | Key | Default | Extra          |
+------------+--------------+------+-----+---------+----------------+
| product_id | int          | NO   | PRI | NULL    | auto_increment |
| title      | varchar(60)  | NO   |     | NULL    |                |
| price      | decimal(6,2) | NO   |     | NULL    |                |
| stock      | int          | NO   |     | NULL    |                |
+------------+--------------+------+-----+---------+----------------+
4 rows in set (0.00 sec)

mysql> select customers;
ERROR 2013 (HY000): Lost connection to MySQL server during query
No connection. Trying to reconnect...
Connection id:    15
Current database: testenv

ERROR 1054 (42S22): Unknown column 'customers' in 'field list'
mysql> describe customers;
+-------------+--------------+------+-----+---------+----------------+
| Field       | Type         | Null | Key | Default | Extra          |
+-------------+--------------+------+-----+---------+----------------+
| customer_id | int          | NO   | PRI | NULL    | auto_increment |
| name        | varchar(255) | NO   |     | NULL    |                |
| age         | tinyint      | NO   |     | NULL    |                |
+-------------+--------------+------+-----+---------+----------------+
3 rows in set (0.01 sec)

mysql> insert into customers('Steven', 25)
    -> ;
ERROR 1064 (42000): You have an error in your SQL syntax; check the manual that corresponds to your MySQL server version for the right syntax to use near ''Steven', 25)' at line 1
mysql> insert into customers(name, age)
    -> values ('Steve', 25);
Query OK, 1 row affected (0.02 sec)

mysql> select customers;
ERROR 1054 (42S22): Unknown column 'customers' in 'field list'
mysql> read customers;
ERROR 1064 (42000): You have an error in your SQL syntax; check the manual that corresponds to your MySQL server version for the right syntax to use near 'read customers' at line 1
mysql> select * from customers;
+-------------+-------+-----+
| customer_id | name  | age |
+-------------+-------+-----+
|           1 | Steve |  25 |
+-------------+-------+-----+
1 row in set (0.00 sec)

mysql> insert into customers (name, age)
    -> values ('Bob', 44)
    -> values ('Jeff', 31);
ERROR 1064 (42000): You have an error in your SQL syntax; check the manual that corresponds to your MySQL server version for the right syntax to use near 'values ('Jeff', 31)' at line 3
mysql> insert into customers (name, age)
    -> values ('Bob', 44)
    -> ('Jeff', 31);
ERROR 1064 (42000): You have an error in your SQL syntax; check the manual that corresponds to your MySQL server version for the right syntax to use near '('Jeff', 31)' at line 3
mysql> insert into customers(name, age)
    -> values ('Bob', 44);

mysql> insert into customers(name, age)
    -> values ('Joe', 32);
Query OK, 1 row affected (0.01 sec)

mysql> insert into customers(name, age) values ('Pickle', 88);
Query OK, 1 row affected (0.01 sec)

mysql> select * from customers;
+-------------+--------+-----+
| customer_id | name   | age |
+-------------+--------+-----+
|           1 | Steve  |  25 |
|           2 | Bob    |  44 |
|           3 | Joe    |  32 |
|           4 | Pickle |  88 |
+-------------+--------+-----+
4 rows in set (0.00 sec)

mysql> insert into customers(name,age)values('Dean',26);
Query OK, 1 row affected (0.01 sec)

mysql> select * from customers;
+-------------+--------+-----+
| customer_id | name   | age |
+-------------+--------+-----+
|           1 | Steve  |  25 |
|           2 | Bob    |  44 |
|           3 | Joe    |  32 |
|           4 | Pickle |  88 |
|           5 | Dean   |  26 |
+-------------+--------+-----+
5 rows in set (0.00 sec)

+--------------------+
| Database           |
+--------------------+
| cody_fritz         |
| information_schema |
| mysql              |
| performance_schema |
| sakila             |
| sys                |
| testenv            |
| to_do_list         |
| world              |
+--------------------+
9 rows in set (0.01 sec)

mysql> use sakila;
Database changed
mysql> show tables;
+----------------------------+
| Tables_in_sakila           |
+----------------------------+
| actor                      |
| actor_info                 |
| address                    |
| category                   |
| city                       |
| country                    |
| customer                   |
| customer_list              |
| film                       |
| film_actor                 |
| film_category              |
| film_list                  |
| film_text                  |
| inventory                  |
| language                   |
| nicer_but_slower_film_list |
| payment                    |
| rental                     |
| sales_by_film_category     |
| sales_by_store             |
| staff                      |
| staff_list                 |
| store                      |
+----------------------------+
23 rows in set (0.01 sec)

mysql>

mysql> select * from actor WHERE first_name = 'John';
+----------+------------+-----------+---------------------+
| actor_id | first_name | last_name | last_update         |
+----------+------------+-----------+---------------------+
|      192 | JOHN       | SUVARI    | 2006-02-15 04:34:33 |
+----------+------------+-----------+---------------------+
1 row in set (0.00 sec)

mysql>

mysql> select * from actor where last_name = 'Neeson';
+----------+------------+-----------+---------------------+
| actor_id | first_name | last_name | last_update         |
+----------+------------+-----------+---------------------+
|       61 | CHRISTIAN  | NEESON    | 2006-02-15 04:34:33 |
|       62 | JAYNE      | NEESON    | 2006-02-15 04:34:33 |
+----------+------------+-----------+---------------------+
2 rows in set (0.01 sec)

mysql>

